[0.739s] Invoking command in '/home/enric-linux/my_ws/build/my_pakage': DEBUGINFOD_URLS=https://debuginfod.ubuntu.com PYTHONPATH=/home/enric-linux/my_ws/build/my_pakage/prefix_override:/usr/lib/python3/dist-packages/colcon_core/task/python/colcon_distutils_commands:/home/enric-linux/my_ws/install/my_pakage/lib/python3.12/site-packages:${PYTHONPATH} /usr/bin/python3 -W ignore:setup.py install is deprecated -W ignore:easy_install command is deprecated setup.py develop --uninstall --editable --build-directory /home/enric-linux/my_ws/build/my_pakage/build
[0.950s] running develop
[1.079s] /usr/lib/python3/dist-packages/setuptools/command/easy_install.py:363: UserWarning: Unbuilt egg for pytest-repeat [unknown version] (/usr/lib/python3/dist-packages)
[1.079s]   self.local_index = Environment(self.shadow_path + sys.path)
[1.105s] Removing /home/enric-linux/my_ws/install/my_pakage/lib/python3.12/site-packages/my-pakage.egg-link (link to .)
[1.123s] Invoked command in '/home/enric-linux/my_ws/build/my_pakage' returned '0': DEBUGINFOD_URLS=https://debuginfod.ubuntu.com PYTHONPATH=/home/enric-linux/my_ws/build/my_pakage/prefix_override:/usr/lib/python3/dist-packages/colcon_core/task/python/colcon_distutils_commands:/home/enric-linux/my_ws/install/my_pakage/lib/python3.12/site-packages:${PYTHONPATH} /usr/bin/python3 -W ignore:setup.py install is deprecated -W ignore:easy_install command is deprecated setup.py develop --uninstall --editable --build-directory /home/enric-linux/my_ws/build/my_pakage/build
[1.124s] Invoking command in '/home/enric-linux/my_ws/src/my_pakage': DEBUGINFOD_URLS=https://debuginfod.ubuntu.com PYTHONPATH=/home/enric-linux/my_ws/build/my_pakage/prefix_override:/usr/lib/python3/dist-packages/colcon_core/task/python/colcon_distutils_commands:/home/enric-linux/my_ws/install/my_pakage/lib/python3.12/site-packages:${PYTHONPATH} /usr/bin/python3 -W ignore:setup.py install is deprecated -W ignore:easy_install command is deprecated setup.py egg_info --egg-base ../../build/my_pakage build --build-base /home/enric-linux/my_ws/build/my_pakage/build install --record /home/enric-linux/my_ws/build/my_pakage/install.log --single-version-externally-managed install_data --force
[1.311s] running egg_info
[1.325s] writing ../../build/my_pakage/my_pakage.egg-info/PKG-INFO
[1.325s] writing dependency_links to ../../build/my_pakage/my_pakage.egg-info/dependency_links.txt
[1.325s] writing entry points to ../../build/my_pakage/my_pakage.egg-info/entry_points.txt
[1.325s] writing requirements to ../../build/my_pakage/my_pakage.egg-info/requires.txt
[1.326s] writing top-level names to ../../build/my_pakage/my_pakage.egg-info/top_level.txt
[1.354s] reading manifest file '../../build/my_pakage/my_pakage.egg-info/SOURCES.txt'
[1.355s] writing manifest file '../../build/my_pakage/my_pakage.egg-info/SOURCES.txt'
[1.355s] running build
[1.355s] running build_py
[1.356s] copying my_pakage/my_node.py -> /home/enric-linux/my_ws/build/my_pakage/build/lib/my_pakage
[1.356s] running install
[1.360s] running install_lib
[1.375s] creating /home/enric-linux/my_ws/install/my_pakage/lib/python3.12/site-packages/my_pakage
[1.375s] copying /home/enric-linux/my_ws/build/my_pakage/build/lib/my_pakage/__init__.py -> /home/enric-linux/my_ws/install/my_pakage/lib/python3.12/site-packages/my_pakage
[1.375s] copying /home/enric-linux/my_ws/build/my_pakage/build/lib/my_pakage/my_node.py -> /home/enric-linux/my_ws/install/my_pakage/lib/python3.12/site-packages/my_pakage
[1.375s] byte-compiling /home/enric-linux/my_ws/install/my_pakage/lib/python3.12/site-packages/my_pakage/__init__.py to __init__.cpython-312.pyc
[1.375s] byte-compiling /home/enric-linux/my_ws/install/my_pakage/lib/python3.12/site-packages/my_pakage/my_node.py to my_node.cpython-312.pyc
[1.376s] running install_data
[1.376s] copying resource/my_pakage -> /home/enric-linux/my_ws/install/my_pakage/share/ament_index/resource_index/packages
[1.376s] copying package.xml -> /home/enric-linux/my_ws/install/my_pakage/share/my_pakage
[1.376s] running install_egg_info
[1.391s] Copying ../../build/my_pakage/my_pakage.egg-info to /home/enric-linux/my_ws/install/my_pakage/lib/python3.12/site-packages/my_pakage-0.0.1-py3.12.egg-info
[1.392s] running install_scripts
[1.486s] Installing my_node script to /home/enric-linux/my_ws/install/my_pakage/lib/my_pakage
[1.486s] writing list of installed files to '/home/enric-linux/my_ws/build/my_pakage/install.log'
[1.502s] Invoked command in '/home/enric-linux/my_ws/src/my_pakage' returned '0': DEBUGINFOD_URLS=https://debuginfod.ubuntu.com PYTHONPATH=/home/enric-linux/my_ws/build/my_pakage/prefix_override:/usr/lib/python3/dist-packages/colcon_core/task/python/colcon_distutils_commands:/home/enric-linux/my_ws/install/my_pakage/lib/python3.12/site-packages:${PYTHONPATH} /usr/bin/python3 -W ignore:setup.py install is deprecated -W ignore:easy_install command is deprecated setup.py egg_info --egg-base ../../build/my_pakage build --build-base /home/enric-linux/my_ws/build/my_pakage/build install --record /home/enric-linux/my_ws/build/my_pakage/install.log --single-version-externally-managed install_data --force
