[0.814s] Invoking command in '/home/enric-linux/Cotxe_autonom/src/my_pakage': DEBUGINFOD_URLS=https://debuginfod.ubuntu.com PYTHONPATH=/home/enric-linux/Cotxe_autonom/build/my_pakage/prefix_override:/usr/lib/python3/dist-packages/colcon_core/task/python/colcon_distutils_commands:/home/enric-linux/Cotxe_autonom/install/my_pakage/lib/python3.12/site-packages:${PYTHONPATH} /usr/bin/python3 -W ignore:setup.py install is deprecated -W ignore:easy_install command is deprecated setup.py egg_info --egg-base ../../build/my_pakage build --build-base /home/enric-linux/Cotxe_autonom/build/my_pakage/build install --record /home/enric-linux/Cotxe_autonom/build/my_pakage/install.log --single-version-externally-managed install_data
[1.002s] running egg_info
[1.017s] writing ../../build/my_pakage/my_pakage.egg-info/PKG-INFO
[1.017s] writing dependency_links to ../../build/my_pakage/my_pakage.egg-info/dependency_links.txt
[1.017s] writing entry points to ../../build/my_pakage/my_pakage.egg-info/entry_points.txt
[1.017s] writing requirements to ../../build/my_pakage/my_pakage.egg-info/requires.txt
[1.017s] writing top-level names to ../../build/my_pakage/my_pakage.egg-info/top_level.txt
[1.046s] reading manifest file '../../build/my_pakage/my_pakage.egg-info/SOURCES.txt'
[1.047s] writing manifest file '../../build/my_pakage/my_pakage.egg-info/SOURCES.txt'
[1.047s] running build
[1.047s] running build_py
[1.047s] copying my_pakage/simulated_sensors.py -> /home/enric-linux/Cotxe_autonom/build/my_pakage/build/lib/my_pakage
[1.048s] running install
[1.052s] running install_lib
[1.067s] copying /home/enric-linux/Cotxe_autonom/build/my_pakage/build/lib/my_pakage/simulated_sensors.py -> /home/enric-linux/Cotxe_autonom/install/my_pakage/lib/python3.12/site-packages/my_pakage
[1.067s] byte-compiling /home/enric-linux/Cotxe_autonom/install/my_pakage/lib/python3.12/site-packages/my_pakage/simulated_sensors.py to simulated_sensors.cpython-312.pyc
[1.067s] running install_data
[1.068s] running install_egg_info
[1.083s] removing '/home/enric-linux/Cotxe_autonom/install/my_pakage/lib/python3.12/site-packages/my_pakage-0.0.1-py3.12.egg-info' (and everything under it)
[1.083s] Copying ../../build/my_pakage/my_pakage.egg-info to /home/enric-linux/Cotxe_autonom/install/my_pakage/lib/python3.12/site-packages/my_pakage-0.0.1-py3.12.egg-info
[1.084s] running install_scripts
[1.178s] Installing my_node script to /home/enric-linux/Cotxe_autonom/install/my_pakage/lib/my_pakage
[1.178s] Installing my_publisher script to /home/enric-linux/Cotxe_autonom/install/my_pakage/lib/my_pakage
[1.178s] Installing my_suscriber script to /home/enric-linux/Cotxe_autonom/install/my_pakage/lib/my_pakage
[1.178s] Installing simulated_sensor script to /home/enric-linux/Cotxe_autonom/install/my_pakage/lib/my_pakage
[1.178s] writing list of installed files to '/home/enric-linux/Cotxe_autonom/build/my_pakage/install.log'
[1.194s] Invoked command in '/home/enric-linux/Cotxe_autonom/src/my_pakage' returned '0': DEBUGINFOD_URLS=https://debuginfod.ubuntu.com PYTHONPATH=/home/enric-linux/Cotxe_autonom/build/my_pakage/prefix_override:/usr/lib/python3/dist-packages/colcon_core/task/python/colcon_distutils_commands:/home/enric-linux/Cotxe_autonom/install/my_pakage/lib/python3.12/site-packages:${PYTHONPATH} /usr/bin/python3 -W ignore:setup.py install is deprecated -W ignore:easy_install command is deprecated setup.py egg_info --egg-base ../../build/my_pakage build --build-base /home/enric-linux/Cotxe_autonom/build/my_pakage/build install --record /home/enric-linux/Cotxe_autonom/build/my_pakage/install.log --single-version-externally-managed install_data
