running egg_info
writing ../../build/my_pakage/my_pakage.egg-info/PKG-INFO
writing dependency_links to ../../build/my_pakage/my_pakage.egg-info/dependency_links.txt
writing entry points to ../../build/my_pakage/my_pakage.egg-info/entry_points.txt
writing requirements to ../../build/my_pakage/my_pakage.egg-info/requires.txt
writing top-level names to ../../build/my_pakage/my_pakage.egg-info/top_level.txt
reading manifest file '../../build/my_pakage/my_pakage.egg-info/SOURCES.txt'
writing manifest file '../../build/my_pakage/my_pakage.egg-info/SOURCES.txt'
running build
running build_py
copying my_pakage/my_node.py -> /home/enric-linux/my_ws/build/my_pakage/build/lib/my_pakage
copying my_pakage/suscriber.py -> /home/enric-linux/my_ws/build/my_pakage/build/lib/my_pakage
copying my_pakage/publisher.py -> /home/enric-linux/my_ws/build/my_pakage/build/lib/my_pakage
running install
running install_lib
copying /home/enric-linux/my_ws/build/my_pakage/build/lib/my_pakage/my_node.py -> /home/enric-linux/my_ws/install/my_pakage/lib/python3.12/site-packages/my_pakage
copying /home/enric-linux/my_ws/build/my_pakage/build/lib/my_pakage/suscriber.py -> /home/enric-linux/my_ws/install/my_pakage/lib/python3.12/site-packages/my_pakage
copying /home/enric-linux/my_ws/build/my_pakage/build/lib/my_pakage/publisher.py -> /home/enric-linux/my_ws/install/my_pakage/lib/python3.12/site-packages/my_pakage
byte-compiling /home/enric-linux/my_ws/install/my_pakage/lib/python3.12/site-packages/my_pakage/my_node.py to my_node.cpython-312.pyc
byte-compiling /home/enric-linux/my_ws/install/my_pakage/lib/python3.12/site-packages/my_pakage/suscriber.py to suscriber.cpython-312.pyc
byte-compiling /home/enric-linux/my_ws/install/my_pakage/lib/python3.12/site-packages/my_pakage/publisher.py to publisher.cpython-312.pyc
running install_data
running install_egg_info
removing '/home/enric-linux/my_ws/install/my_pakage/lib/python3.12/site-packages/my_pakage-0.0.1-py3.12.egg-info' (and everything under it)
Copying ../../build/my_pakage/my_pakage.egg-info to /home/enric-linux/my_ws/install/my_pakage/lib/python3.12/site-packages/my_pakage-0.0.1-py3.12.egg-info
running install_scripts
Installing my_node script to /home/enric-linux/my_ws/install/my_pakage/lib/my_pakage
Installing my_publisher script to /home/enric-linux/my_ws/install/my_pakage/lib/my_pakage
Installing my_suscriber script to /home/enric-linux/my_ws/install/my_pakage/lib/my_pakage
writing list of installed files to '/home/enric-linux/my_ws/build/my_pakage/install.log'
