[0.588s] Invoking command in '/home/enric-linux/my_ws/build/my_pakage': DEBUGINFOD_URLS=https://debuginfod.ubuntu.com PYTHONPATH=/home/enric-linux/my_ws/build/my_pakage/prefix_override:/usr/lib/python3/dist-packages/colcon_core/task/python/colcon_distutils_commands:/home/enric-linux/my_ws/install/my_pakage/lib/python3.12/site-packages:${PYTHONPATH} /usr/bin/python3 -W ignore:setup.py install is deprecated -W ignore:easy_install command is deprecated setup.py develop --editable --build-directory /home/enric-linux/my_ws/build/my_pakage/build --no-deps symlink_data --force
[0.831s] running develop
[0.961s] /usr/lib/python3/dist-packages/setuptools/command/easy_install.py:363: UserWarning: Unbuilt egg for pytest-repeat [unknown version] (/usr/lib/python3/dist-packages)
[0.961s]   self.local_index = Environment(self.shadow_path + sys.path)
[0.988s] running egg_info
[1.003s] writing my_pakage.egg-info/PKG-INFO
[1.003s] writing dependency_links to my_pakage.egg-info/dependency_links.txt
[1.003s] writing entry points to my_pakage.egg-info/entry_points.txt
[1.003s] writing requirements to my_pakage.egg-info/requires.txt
[1.003s] writing top-level names to my_pakage.egg-info/top_level.txt
[1.036s] reading manifest file 'my_pakage.egg-info/SOURCES.txt'
[1.036s] writing manifest file 'my_pakage.egg-info/SOURCES.txt'
[1.052s] running build_ext
[1.052s] Creating /home/enric-linux/my_ws/install/my_pakage/lib/python3.12/site-packages/my-pakage.egg-link (link to .)
[1.052s] Installing my_node script to /home/enric-linux/my_ws/install/my_pakage/lib/my_pakage
[1.053s] 
[1.053s] Installed /home/enric-linux/my_ws/build/my_pakage
[1.053s] running symlink_data
[1.053s] symbolically linking /home/enric-linux/my_ws/build/my_pakage/resource/my_pakage -> /home/enric-linux/my_ws/install/my_pakage/share/ament_index/resource_index/packages
[1.053s] symbolically linking /home/enric-linux/my_ws/build/my_pakage/package.xml -> /home/enric-linux/my_ws/install/my_pakage/share/my_pakage
[1.072s] Invoked command in '/home/enric-linux/my_ws/build/my_pakage' returned '0': DEBUGINFOD_URLS=https://debuginfod.ubuntu.com PYTHONPATH=/home/enric-linux/my_ws/build/my_pakage/prefix_override:/usr/lib/python3/dist-packages/colcon_core/task/python/colcon_distutils_commands:/home/enric-linux/my_ws/install/my_pakage/lib/python3.12/site-packages:${PYTHONPATH} /usr/bin/python3 -W ignore:setup.py install is deprecated -W ignore:easy_install command is deprecated setup.py develop --editable --build-directory /home/enric-linux/my_ws/build/my_pakage/build --no-deps symlink_data --force
