[0.570s] Invoking command in '/home/enric-linux/Cotxe_autonom/src/my_pakage': DEBUGINFOD_URLS=https://debuginfod.ubuntu.com PYTHONPATH=/home/enric-linux/Cotxe_autonom/build/my_pakage/prefix_override:/usr/lib/python3/dist-packages/colcon_core/task/python/colcon_distutils_commands:/home/enric-linux/Cotxe_autonom/install/my_pakage/lib/python3.12/site-packages:${PYTHONPATH} /usr/bin/python3 -W ignore:setup.py install is deprecated -W ignore:easy_install command is deprecated setup.py egg_info --egg-base ../../build/my_pakage build --build-base /home/enric-linux/Cotxe_autonom/build/my_pakage/build install --record /home/enric-linux/Cotxe_autonom/build/my_pakage/install.log --single-version-externally-managed install_data
[0.761s] running egg_info
[0.776s] writing ../../build/my_pakage/my_pakage.egg-info/PKG-INFO
[0.776s] writing dependency_links to ../../build/my_pakage/my_pakage.egg-info/dependency_links.txt
[0.776s] writing entry points to ../../build/my_pakage/my_pakage.egg-info/entry_points.txt
[0.776s] writing requirements to ../../build/my_pakage/my_pakage.egg-info/requires.txt
[0.776s] writing top-level names to ../../build/my_pakage/my_pakage.egg-info/top_level.txt
[0.806s] reading manifest file '../../build/my_pakage/my_pakage.egg-info/SOURCES.txt'
[0.806s] writing manifest file '../../build/my_pakage/my_pakage.egg-info/SOURCES.txt'
[0.807s] running build
[0.807s] running build_py
[0.807s] running install
[0.811s] running install_lib
[0.826s] running install_data
[0.826s] running install_egg_info
[0.842s] removing '/home/enric-linux/Cotxe_autonom/install/my_pakage/lib/python3.12/site-packages/my_pakage-0.0.1-py3.12.egg-info' (and everything under it)
[0.842s] Copying ../../build/my_pakage/my_pakage.egg-info to /home/enric-linux/Cotxe_autonom/install/my_pakage/lib/python3.12/site-packages/my_pakage-0.0.1-py3.12.egg-info
[0.843s] running install_scripts
[0.939s] Installing my_node script to /home/enric-linux/Cotxe_autonom/install/my_pakage/lib/my_pakage
[0.939s] Installing my_publisher script to /home/enric-linux/Cotxe_autonom/install/my_pakage/lib/my_pakage
[0.939s] Installing my_suscriber script to /home/enric-linux/Cotxe_autonom/install/my_pakage/lib/my_pakage
[0.939s] Installing simulated_sensor script to /home/enric-linux/Cotxe_autonom/install/my_pakage/lib/my_pakage
[0.939s] writing list of installed files to '/home/enric-linux/Cotxe_autonom/build/my_pakage/install.log'
[0.956s] Invoked command in '/home/enric-linux/Cotxe_autonom/src/my_pakage' returned '0': DEBUGINFOD_URLS=https://debuginfod.ubuntu.com PYTHONPATH=/home/enric-linux/Cotxe_autonom/build/my_pakage/prefix_override:/usr/lib/python3/dist-packages/colcon_core/task/python/colcon_distutils_commands:/home/enric-linux/Cotxe_autonom/install/my_pakage/lib/python3.12/site-packages:${PYTHONPATH} /usr/bin/python3 -W ignore:setup.py install is deprecated -W ignore:easy_install command is deprecated setup.py egg_info --egg-base ../../build/my_pakage build --build-base /home/enric-linux/Cotxe_autonom/build/my_pakage/build install --record /home/enric-linux/Cotxe_autonom/build/my_pakage/install.log --single-version-externally-managed install_data
