[0.637s] Invoking command in '/home/enric-linux/my_ws/src/my_pakage': DEBUGINFOD_URLS=https://debuginfod.ubuntu.com PYTHONPATH=/home/enric-linux/my_ws/build/my_pakage/prefix_override:/usr/lib/python3/dist-packages/colcon_core/task/python/colcon_distutils_commands:/home/enric-linux/my_ws/install/my_pakage/lib/python3.12/site-packages:${PYTHONPATH} /usr/bin/python3 -W ignore:setup.py install is deprecated -W ignore:easy_install command is deprecated setup.py egg_info --egg-base ../../build/my_pakage build --build-base /home/enric-linux/my_ws/build/my_pakage/build install --record /home/enric-linux/my_ws/build/my_pakage/install.log --single-version-externally-managed install_data
[0.855s] running egg_info
[0.855s] creating ../../build/my_pakage/my_pakage.egg-info
[0.872s] writing ../../build/my_pakage/my_pakage.egg-info/PKG-INFO
[0.872s] writing dependency_links to ../../build/my_pakage/my_pakage.egg-info/dependency_links.txt
[0.872s] writing entry points to ../../build/my_pakage/my_pakage.egg-info/entry_points.txt
[0.872s] writing requirements to ../../build/my_pakage/my_pakage.egg-info/requires.txt
[0.872s] writing top-level names to ../../build/my_pakage/my_pakage.egg-info/top_level.txt
[0.872s] writing manifest file '../../build/my_pakage/my_pakage.egg-info/SOURCES.txt'
[0.905s] reading manifest file '../../build/my_pakage/my_pakage.egg-info/SOURCES.txt'
[0.906s] writing manifest file '../../build/my_pakage/my_pakage.egg-info/SOURCES.txt'
[0.906s] running build
[0.906s] running build_py
[0.906s] creating /home/enric-linux/my_ws/build/my_pakage/build
[0.906s] creating /home/enric-linux/my_ws/build/my_pakage/build/lib
[0.906s] creating /home/enric-linux/my_ws/build/my_pakage/build/lib/my_pakage
[0.906s] copying my_pakage/__init__.py -> /home/enric-linux/my_ws/build/my_pakage/build/lib/my_pakage
[0.906s] copying my_pakage/my_node.py -> /home/enric-linux/my_ws/build/my_pakage/build/lib/my_pakage
[0.906s] running install
[0.912s] running install_lib
[0.929s] creating /home/enric-linux/my_ws/install/my_pakage/lib/python3.12/site-packages/my_pakage
[0.929s] copying /home/enric-linux/my_ws/build/my_pakage/build/lib/my_pakage/__init__.py -> /home/enric-linux/my_ws/install/my_pakage/lib/python3.12/site-packages/my_pakage
[0.929s] copying /home/enric-linux/my_ws/build/my_pakage/build/lib/my_pakage/my_node.py -> /home/enric-linux/my_ws/install/my_pakage/lib/python3.12/site-packages/my_pakage
[0.930s] byte-compiling /home/enric-linux/my_ws/install/my_pakage/lib/python3.12/site-packages/my_pakage/__init__.py to __init__.cpython-312.pyc
[0.930s] byte-compiling /home/enric-linux/my_ws/install/my_pakage/lib/python3.12/site-packages/my_pakage/my_node.py to my_node.cpython-312.pyc
[0.930s] running install_data
[0.930s] creating /home/enric-linux/my_ws/install/my_pakage/share/ament_index
[0.930s] creating /home/enric-linux/my_ws/install/my_pakage/share/ament_index/resource_index
[0.930s] creating /home/enric-linux/my_ws/install/my_pakage/share/ament_index/resource_index/packages
[0.930s] copying resource/my_pakage -> /home/enric-linux/my_ws/install/my_pakage/share/ament_index/resource_index/packages
[0.930s] copying package.xml -> /home/enric-linux/my_ws/install/my_pakage/share/my_pakage
[0.930s] running install_egg_info
[0.948s] Copying ../../build/my_pakage/my_pakage.egg-info to /home/enric-linux/my_ws/install/my_pakage/lib/python3.12/site-packages/my_pakage-0.0.0-py3.12.egg-info
[0.948s] running install_scripts
[1.054s] Installing my_node script to /home/enric-linux/my_ws/install/my_pakage/lib/my_pakage
[1.054s] writing list of installed files to '/home/enric-linux/my_ws/build/my_pakage/install.log'
[1.076s] Invoked command in '/home/enric-linux/my_ws/src/my_pakage' returned '0': DEBUGINFOD_URLS=https://debuginfod.ubuntu.com PYTHONPATH=/home/enric-linux/my_ws/build/my_pakage/prefix_override:/usr/lib/python3/dist-packages/colcon_core/task/python/colcon_distutils_commands:/home/enric-linux/my_ws/install/my_pakage/lib/python3.12/site-packages:${PYTHONPATH} /usr/bin/python3 -W ignore:setup.py install is deprecated -W ignore:easy_install command is deprecated setup.py egg_info --egg-base ../../build/my_pakage build --build-base /home/enric-linux/my_ws/build/my_pakage/build install --record /home/enric-linux/my_ws/build/my_pakage/install.log --single-version-externally-managed install_data
